
> frontend@0.0.0 build
> vite build

[36mvite v7.3.1 [32mbuilding client environment for production...[36m[39m
transforming...
node.exe : Found 1 
warning while 
optimizing generated 
CSS:
At C:\Program Files\n
odejs\npm.ps1:29 
char:3
+   & $NODE_EXE 
$NPM_CLI_JS $args
+   ~~~~~~~~~~~~~~~~~
~~~~~~~~~~~~
    + CategoryInfo   
           : NotSpe  
  cified: (Found 1   
  warning... gene    
rated CSS::Strin    
g) [], RemoteExc    
eption
    + FullyQualified 
   ErrorId : Native  
  CommandError
 

[2mΓöé   }[22m
[2mΓöé }[22m
[2mΓöé[22m @import 
url('https://fonts.go
ogleapis.com/css2?fam
ily=Plus+Jakarta+Sans
:wght@200;300;400;500
;600;700;800&display=
swap');
[2mΓöå[22m        
[33m[2m^--[22m 
@import rules must 
precede all rules 
aside from @charset 
and @layer 
statements[39m
[2mΓöå[22m
[2mΓöé html, body, 
#root, html, body, 
#root, div, p, span, 
h1, h2, h3, h4, h5, 
h6, button, input, 
textarea, select, 
label, a {[22m
[2mΓöé   
font-family: 'Plus 
Jakarta Sans', 
ui-sans-serif, 
system-ui, 
-apple-system, 
BlinkMacSystemFont, 
"Segoe UI", Roboto, 
"Helvetica Neue", 
Arial, "Noto Sans", 
sans-serif, "Apple 
Color Emoji", "Segoe 
UI Emoji", "Segoe UI 
Symbol", "Noto Color 
Emoji" 
!important;[22m

[32mΓ£ô[39m 1779 modules transformed.
[31mΓ£ù[39m Build 
failed in 2.54s
[31merror during 
build:
[31mCould not 
resolve "./PriceTable
Renderer" from "src/c
ommon/dialogs/PriceTa
bleModal.jsx"[31m
file: [36mC:/Users/P
ranavi Selvaraju/Desk
top/asp/Aksecure-fron
tend/src/common/dialo
gs/PriceTableModal.js
x[31m
    at 
getRollupError (file:
///C:/Users/Pranavi%2
0Selvaraju/Desktop/as
p/Aksecure-frontend/n
ode_modules/rollup/di
st/es/shared/parseAst
.js:401:41)
    at error (file://
/C:/Users/Pranavi%20S
elvaraju/Desktop/asp/
Aksecure-frontend/nod
e_modules/rollup/dist
/es/shared/parseAst.j
s:397:42)
    at ModuleLoader.h
andleInvalidResolvedI
d (file:///C:/Users/P
ranavi%20Selvaraju/De
sktop/asp/Aksecure-fr
ontend/node_modules/r
ollup/dist/es/shared/
node-entry.js:21710:2
4)
    at file:///C:/Use
rs/Pranavi%20Selvaraj
u/Desktop/asp/Aksecur
e-frontend/node_modul
es/rollup/dist/es/sha
red/node-entry.js:216
70:26[39m
